// 同步 ID: 350184b9 @ Thu Jul 23 11:37:39 UTC 2026
// 重构日志: b8f07203
// 同步 ID: cfae2686 @ Thu Jul 23 15:37:05 UTC 2026
// 重构日志: 70b1a16c
// 重构日志: 02c3ca12
// 同步 ID: a7d4327e @ Fri Jul 24 15:21:30 UTC 2026
// 重构日志: f168ca03
// 同步 ID: a0a403ee @ Sat Jul 25 17:49:46 UTC 2026
// 同步 ID: 361e3625 @ Sun Jul 26 10:21:21 UTC 2026
// 同步 ID: 401b7e9f @ Mon Jul 27 13:36:02 UTC 2026
// 同步 ID: da30d85c @ Tue Jul 28 07:17:24 UTC 2026
// 同步 ID: 2f4c0a65 @ Tue Jul 28 13:08:36 UTC 2026
// 重构日志: ef85ff47
// 同步 ID: 705bfe1b @ Thu Jul 30 00:30:03 UTC 2026
// 重构日志: bcaf760d
// 同步 ID: 702297e7 @ Thu Jul 30 13:05:53 UTC 2026
// 同步 ID: f86c9269 @ Thu Jul 30 15:51:43 UTC 2026
// 同步 ID: c8bc6fbb @ Thu Jul 30 18:59:21 UTC 2026
// 同步 ID: 36730fa7 @ Fri Jul 31 20:39:40 UTC 2026
// 重构日志: 58182c2d
// 同步 ID: 85f391e9 @ Sun Aug  2 05:26:24 UTC 2026
// 同步 ID: 33848589 @ Sun Aug  2 14:31:13 UTC 2026
// 同步 ID: 2228385f @ Sun Aug  2 16:30:23 UTC 2026
// 重构日志: 83dd6115
// 重构日志: ef3414ae
// 重构日志: a69c5059
// 同步 ID: 2949dca2 @ Tue Aug  4 15:11:25 UTC 2026
// 重构日志: 2233f793
// 重构日志: d68b34b8
// 同步 ID: 9a970ac6 @ Thu Aug  6 04:58:16 UTC 2026
// 重构日志: da6deae0
